============================= test session starts =============================
platform win32 -- Python 3.13.11, pytest-8.4.2, pluggy-1.5.0
rootdir: E:\projects\math-engine
plugins: anyio-4.12.1, langsmith-0.6.7, docker-3.2.5
collected 4 items

test\test_self_improve.py ....                                           [100%]

============================== 4 passed in 1.20s ==============================
